
> synapse-os-frontend@2.0.0 dev
> vite --port 5173 --host


  VITE v5.4.21  ready in 192 ms

  ➜  Local:   http://localhost:5173/
  ➜  Network: http://10.0.100.200:5173/
14:48:10 [vite-plugin-svelte] /home/cunxiao/synapse_os/frontend/src/views/Tasks.svelte:631:4 A11y: visible, non-interactive elements with an on:click event must be accompanied by a keyboard event handler. Consider whether an interactive element such as <button type="button"> or <a> might be more appropriate. See https://svelte.dev/docs/accessibility-warnings#a11y-click-events-have-key-events for more details.
14:48:10 [vite-plugin-svelte] /home/cunxiao/synapse_os/frontend/src/views/Tasks.svelte:631:4 A11y: <div> with click handler must have an ARIA role
14:48:10 [vite-plugin-svelte] /home/cunxiao/synapse_os/frontend/src/views/Tasks.svelte:630:2 A11y: visible, non-interactive elements with an on:click event must be accompanied by a keyboard event handler. Consider whether an interactive element such as <button type="button"> or <a> might be more appropriate. See https://svelte.dev/docs/accessibility-warnings#a11y-click-events-have-key-events for more details.
14:48:10 [vite-plugin-svelte] /home/cunxiao/synapse_os/frontend/src/views/Tasks.svelte:630:2 A11y: <div> with click handler must have an ARIA role
14:48:11 [vite-plugin-svelte] /home/cunxiao/synapse_os/frontend/src/components/DiscussionPanel.svelte:67:8 A11y: A form label must be associated with a control.
14:48:11 [vite-plugin-svelte] /home/cunxiao/synapse_os/frontend/src/components/DiscussionPanel.svelte:5:11 DiscussionPanel has unused export property 'phaseId'. If it is for external reference only, please consider using `export const phaseId`
14:48:11 [vite-plugin-svelte] /home/cunxiao/synapse_os/frontend/src/views/DifficultyModal.svelte:86:12 A11y: A form label must be associated with a control.
14:48:11 [vite-plugin-svelte] /home/cunxiao/synapse_os/frontend/src/views/DifficultyModal.svelte:103:12 A11y: A form label must be associated with a control.
14:48:11 [vite-plugin-svelte] /home/cunxiao/synapse_os/frontend/src/views/DifficultyModal.svelte:122:12 A11y: A form label must be associated with a control.
14:48:11 [vite-plugin-svelte] /home/cunxiao/synapse_os/frontend/src/views/DifficultyModal.svelte:132:12 A11y: A form label must be associated with a control.
14:48:11 [vite-plugin-svelte] /home/cunxiao/synapse_os/frontend/src/views/DifficultyModal.svelte:143:12 A11y: A form label must be associated with a control.
14:50:04 [vite] hmr update /src/views/WorkbenchPanel.svelte, /src/app.css
14:50:24 [vite] hmr update /src/views/Team.svelte, /src/app.css
14:50:34 [vite] hmr update /src/views/Team.svelte, /src/app.css
14:57:03 [vite] hmr update /src/views/Team.svelte, /src/app.css
14:57:20 [vite] hmr update /src/views/Team.svelte, /src/app.css
14:57:34 [vite] hmr update /src/App.svelte, /src/app.css, /src/App.svelte?svelte&type=style&lang.css
14:57:34 [vite] hmr update /src/App.svelte, /src/app.css, /src/App.svelte?svelte&type=style&lang.css
14:57:38 [vite] hmr update /src/App.svelte, /src/app.css
14:57:42 [vite] hmr update /src/App.svelte, /src/app.css
14:57:49 [vite] hmr update /src/App.svelte, /src/app.css
14:57:58 [vite] hmr update /src/views/Team.svelte, /src/app.css
15:11:46 [vite] hmr update /src/views/Team.svelte, /src/app.css
15:11:58 [vite] hmr update /src/views/Team.svelte, /src/app.css
15:12:59 [vite] hmr update /src/views/Team.svelte, /src/app.css
15:14:11 [vite] hmr update /src/views/WorkbenchPanel.svelte, /src/app.css, /src/views/WorkbenchPanel.svelte?svelte&type=style&lang.css
15:18:37 [vite] ws proxy socket error:
Error: read ECONNRESET
    at TCP.onStreamRead (node:internal/stream_base_commons:216:20)
15:24:55 [vite] hmr update /src/views/WorkbenchPanel.svelte, /src/app.css
15:24:55 [vite-plugin-svelte] /home/cunxiao/synapse_os/frontend/src/views/WorkbenchPanel.svelte:549:20 'syncFromSession' is not defined
15:24:57 [vite] hmr update /src/views/WorkbenchPanel.svelte, /src/app.css
15:24:57 [vite-plugin-svelte] /home/cunxiao/synapse_os/frontend/src/views/WorkbenchPanel.svelte:535:19 'getCurrentChannel' is not defined
15:24:57 [vite-plugin-svelte] /home/cunxiao/synapse_os/frontend/src/views/WorkbenchPanel.svelte:548:20 'syncFromSession' is not defined
15:24:59 [vite] hmr update /src/views/WorkbenchPanel.svelte, /src/app.css
15:24:59 [vite-plugin-svelte] /home/cunxiao/synapse_os/frontend/src/views/WorkbenchPanel.svelte:551:20 'syncFromSession' is not defined
15:25:05 [vite] hmr update /src/views/WorkbenchPanel.svelte, /src/app.css
15:25:05 [vite-plugin-svelte] /home/cunxiao/synapse_os/frontend/src/views/WorkbenchPanel.svelte:550:20 'syncFromSession' is not defined
15:25:26 [vite] hmr update /src/views/WorkbenchPanel.svelte, /src/app.css
15:25:58 [vite] hmr update /src/views/Team.svelte, /src/app.css
15:26:30 [vite] hmr update /src/views/WorkbenchPanel.svelte, /src/app.css
15:28:04 [vite] hmr update /src/views/Team.svelte, /src/app.css
15:28:07 [vite] hmr update /src/views/Team.svelte, /src/app.css
15:28:15 [vite] hmr update /src/views/Team.svelte, /src/app.css
15:28:19 [vite] hmr update /src/views/Team.svelte, /src/app.css
15:28:27 [vite] hmr update /src/views/Team.svelte, /src/app.css
15:38:00 [vite] hmr update /src/views/Tasks.svelte, /src/app.css
15:38:00 [vite-plugin-svelte] /home/cunxiao/synapse_os/frontend/src/views/Tasks.svelte:553:4 A11y: visible, non-interactive elements with an on:click event must be accompanied by a keyboard event handler. Consider whether an interactive element such as <button type="button"> or <a> might be more appropriate. See https://svelte.dev/docs/accessibility-warnings#a11y-click-events-have-key-events for more details.
15:38:00 [vite-plugin-svelte] /home/cunxiao/synapse_os/frontend/src/views/Tasks.svelte:553:4 A11y: <div> with click handler must have an ARIA role
15:38:00 [vite-plugin-svelte] /home/cunxiao/synapse_os/frontend/src/views/Tasks.svelte:552:2 A11y: visible, non-interactive elements with an on:click event must be accompanied by a keyboard event handler. Consider whether an interactive element such as <button type="button"> or <a> might be more appropriate. See https://svelte.dev/docs/accessibility-warnings#a11y-click-events-have-key-events for more details.
15:38:00 [vite-plugin-svelte] /home/cunxiao/synapse_os/frontend/src/views/Tasks.svelte:552:2 A11y: <div> with click handler must have an ARIA role
15:39:27 [vite] hmr update /src/views/mobile/MobileWorkbench.svelte, /src/app.css
15:39:27 [vite-plugin-svelte] /home/cunxiao/synapse_os/frontend/src/views/mobile/MobileWorkbench.svelte:374:43 'syncFromSession' is not defined
15:39:30 [vite] hmr update /src/views/mobile/MobileWorkbench.svelte, /src/app.css
15:39:37 [vite] hmr update /src/views/mobile/MobileWorkbench.svelte?svelte&type=style&lang.css
